// Jest Snapshot v1, https://goo.gl/fbAQLP

exports[`MainRouter 1`] = `null`;
