// Jest Snapshot v1, https://goo.gl/fbAQLP

exports[`1 1`] = `"<ul class=\\"rc-tree\\" role=\\"tree\\" unselectable=\\"on\\"><li class=\\"rc-tree-treenode-switcher-close\\" role=\\"treeitem\\"><span class=\\"rc-tree-switcher rc-tree-switcher_close\\"></span><span title=\\"Entities\\" class=\\"rc-tree-node-content-wrapper rc-tree-node-content-wrapper-close\\"><span class=\\"rc-tree-iconEle rc-tree-icon__close\\"></span><span class=\\"rc-tree-title\\">Entities</span></span></li></ul>"`;
