// Jest Snapshot v1, https://goo.gl/fbAQLP

exports[`1 1`] = `
Object {
  "menuItems": Immutable.Map {
    "": Object {
      "key": "",
      "subItems": Immutable.Set [],
      "title": "root",
    },
  },
}
`;
