// Jest Snapshot v1, https://goo.gl/fbAQLP

exports[`Module.getReducers 1`] = `Array []`;
