// Jest Snapshot v1, https://goo.gl/fbAQLP

exports[`configJs 1`] = `
Object {
  "modules": Array [
    [Function],
    [Function],
    [Function],
    [Function],
    [Function],
    [Function],
    [Function],
  ],
}
`;
